[     129ms] [LOG] [Fast Refresh] rebuilding @ http://localhost:3000/_next/static/chunks/node_modules_next_dist_1ybzpk2._.js:2489
[   16093ms] [INFO] %cDownload the React DevTools for a better development experience: https://react.dev/link/react-devtools font-weight:bold @ http://localhost:3001/_next/static/chunks/node_modules_next_dist_1ybzpk2._.js:2489
[   16580ms] [LOG] [HMR] connected @ http://localhost:3001/_next/static/chunks/node_modules_next_dist_1ybzpk2._.js:2489
[   16713ms] [LOG] [Fast Refresh] rebuilding @ http://localhost:3001/_next/static/chunks/node_modules_next_dist_1ybzpk2._.js:2489
[   17160ms] [LOG] [Fast Refresh] done in 547ms @ http://localhost:3001/_next/static/chunks/node_modules_next_dist_1ybzpk2._.js:2489
[   17308ms] [LOG] [Fast Refresh] rebuilding @ http://localhost:3001/_next/static/chunks/node_modules_next_dist_1ybzpk2._.js:2489
[   17395ms] [LOG] [Fast Refresh] done in 219ms @ http://localhost:3001/_next/static/chunks/node_modules_next_dist_1ybzpk2._.js:2489
[   24763ms] [LOG] [Fast Refresh] rebuilding @ http://localhost:3001/_next/static/chunks/node_modules_next_dist_1ybzpk2._.js:2489
[   24800ms] [WARNING] Warning: <Viewer> is recreated because following read-only props have been updated: contextOptions @ http://localhost:3001/_next/static/chunks/node_modules_next_dist_1ybzpk2._.js:2489
[   25238ms] [LOG] [Fast Refresh] done in 576ms @ http://localhost:3001/_next/static/chunks/node_modules_next_dist_1ybzpk2._.js:2489
[   25404ms] [WARNING] WebGL: INVALID_OPERATION: bindTexture: object does not belong to this context @ http://localhost:3001/_next/static/chunks/node_modules_%40cesium_engine_Source_Renderer_1d3nafh._.js:3587
[   25404ms] [WARNING] WebGL: INVALID_OPERATION: bindTexture: object does not belong to this context @ http://localhost:3001/_next/static/chunks/node_modules_%40cesium_engine_Source_Renderer_1d3nafh._.js:3587
[   25405ms] [WARNING] WebGL: INVALID_OPERATION: bindTexture: object does not belong to this context @ http://localhost:3001/_next/static/chunks/node_modules_%40cesium_engine_Source_Renderer_1d3nafh._.js:3587
[   25405ms] [WARNING] WebGL: INVALID_OPERATION: bindTexture: object does not belong to this context @ http://localhost:3001/_next/static/chunks/node_modules_%40cesium_engine_Source_Renderer_1d3nafh._.js:3587
[   25427ms] [WARNING] WebGL: INVALID_OPERATION: bindTexture: object does not belong to this context @ http://localhost:3001/_next/static/chunks/node_modules_%40cesium_engine_Source_Renderer_1d3nafh._.js:3587
[   25427ms] [WARNING] WebGL: INVALID_OPERATION: bindTexture: object does not belong to this context @ http://localhost:3001/_next/static/chunks/node_modules_%40cesium_engine_Source_Renderer_1d3nafh._.js:3587
[   25427ms] [WARNING] WebGL: INVALID_OPERATION: bindTexture: object does not belong to this context @ http://localhost:3001/_next/static/chunks/node_modules_%40cesium_engine_Source_Renderer_1d3nafh._.js:3587
[   25427ms] [WARNING] WebGL: INVALID_OPERATION: bindTexture: object does not belong to this context @ http://localhost:3001/_next/static/chunks/node_modules_%40cesium_engine_Source_Renderer_1d3nafh._.js:3587
[   25469ms] [WARNING] WebGL: INVALID_OPERATION: bindTexture: object does not belong to this context @ http://localhost:3001/_next/static/chunks/node_modules_%40cesium_engine_Source_Renderer_1d3nafh._.js:3587
[   25469ms] [WARNING] WebGL: INVALID_OPERATION: bindTexture: object does not belong to this context @ http://localhost:3001/_next/static/chunks/node_modules_%40cesium_engine_Source_Renderer_1d3nafh._.js:3587
[   25469ms] [WARNING] WebGL: INVALID_OPERATION: bindTexture: object does not belong to this context @ http://localhost:3001/_next/static/chunks/node_modules_%40cesium_engine_Source_Renderer_1d3nafh._.js:3587
[   25469ms] [WARNING] WebGL: INVALID_OPERATION: bindTexture: object does not belong to this context @ http://localhost:3001/_next/static/chunks/node_modules_%40cesium_engine_Source_Renderer_1d3nafh._.js:3587
[   25494ms] [WARNING] WebGL: INVALID_OPERATION: bindTexture: object does not belong to this context @ http://localhost:3001/_next/static/chunks/node_modules_%40cesium_engine_Source_Renderer_1d3nafh._.js:3587
[   25494ms] [WARNING] WebGL: INVALID_OPERATION: bindTexture: object does not belong to this context @ http://localhost:3001/_next/static/chunks/node_modules_%40cesium_engine_Source_Renderer_1d3nafh._.js:3587
[   25494ms] [WARNING] WebGL: INVALID_OPERATION: bindTexture: object does not belong to this context @ http://localhost:3001/_next/static/chunks/node_modules_%40cesium_engine_Source_Renderer_1d3nafh._.js:3587
[   25494ms] [WARNING] WebGL: INVALID_OPERATION: bindTexture: object does not belong to this context @ http://localhost:3001/_next/static/chunks/node_modules_%40cesium_engine_Source_Renderer_1d3nafh._.js:3587
[   25494ms] [WARNING] WebGL: INVALID_OPERATION: bindTexture: object does not belong to this context @ http://localhost:3001/_next/static/chunks/node_modules_%40cesium_engine_Source_Renderer_1d3nafh._.js:3587
[   25494ms] [WARNING] WebGL: INVALID_OPERATION: bindTexture: object does not belong to this context @ http://localhost:3001/_next/static/chunks/node_modules_%40cesium_engine_Source_Renderer_1d3nafh._.js:3587
[   25494ms] [WARNING] WebGL: INVALID_OPERATION: bindTexture: object does not belong to this context @ http://localhost:3001/_next/static/chunks/node_modules_%40cesium_engine_Source_Renderer_1d3nafh._.js:3587
[   25494ms] [WARNING] WebGL: INVALID_OPERATION: bindTexture: object does not belong to this context @ http://localhost:3001/_next/static/chunks/node_modules_%40cesium_engine_Source_Renderer_1d3nafh._.js:3587
[   25511ms] [WARNING] WebGL: INVALID_OPERATION: bindTexture: object does not belong to this context @ http://localhost:3001/_next/static/chunks/node_modules_%40cesium_engine_Source_Renderer_1d3nafh._.js:3587
[   25511ms] [WARNING] WebGL: INVALID_OPERATION: bindTexture: object does not belong to this context @ http://localhost:3001/_next/static/chunks/node_modules_%40cesium_engine_Source_Renderer_1d3nafh._.js:3587
[   25511ms] [WARNING] WebGL: INVALID_OPERATION: bindTexture: object does not belong to this context @ http://localhost:3001/_next/static/chunks/node_modules_%40cesium_engine_Source_Renderer_1d3nafh._.js:3587
[   25511ms] [WARNING] WebGL: INVALID_OPERATION: bindTexture: object does not belong to this context @ http://localhost:3001/_next/static/chunks/node_modules_%40cesium_engine_Source_Renderer_1d3nafh._.js:3587
[   25511ms] [WARNING] WebGL: INVALID_OPERATION: bindTexture: object does not belong to this context @ http://localhost:3001/_next/static/chunks/node_modules_%40cesium_engine_Source_Renderer_1d3nafh._.js:3587
[   25511ms] [WARNING] WebGL: INVALID_OPERATION: bindTexture: object does not belong to this context @ http://localhost:3001/_next/static/chunks/node_modules_%40cesium_engine_Source_Renderer_1d3nafh._.js:3587
[   25511ms] [WARNING] WebGL: INVALID_OPERATION: bindTexture: object does not belong to this context @ http://localhost:3001/_next/static/chunks/node_modules_%40cesium_engine_Source_Renderer_1d3nafh._.js:3587
[   25511ms] [WARNING] WebGL: INVALID_OPERATION: bindTexture: object does not belong to this context @ http://localhost:3001/_next/static/chunks/node_modules_%40cesium_engine_Source_Renderer_1d3nafh._.js:3587
[   25560ms] [WARNING] WebGL: INVALID_OPERATION: bindTexture: object does not belong to this context @ http://localhost:3001/_next/static/chunks/node_modules_%40cesium_engine_Source_Renderer_1d3nafh._.js:3587
[   25560ms] [WARNING] WebGL: INVALID_OPERATION: bindTexture: object does not belong to this context @ http://localhost:3001/_next/static/chunks/node_modules_%40cesium_engine_Source_Renderer_1d3nafh._.js:3587
[   25560ms] [WARNING] WebGL: INVALID_OPERATION: bindTexture: object does not belong to this context @ http://localhost:3001/_next/static/chunks/node_modules_%40cesium_engine_Source_Renderer_1d3nafh._.js:3587
[   25560ms] [WARNING] WebGL: INVALID_OPERATION: bindTexture: object does not belong to this context @ http://localhost:3001/_next/static/chunks/node_modules_%40cesium_engine_Source_Renderer_1d3nafh._.js:3587
[   25560ms] [WARNING] WebGL: INVALID_OPERATION: bindTexture: object does not belong to this context @ http://localhost:3001/_next/static/chunks/node_modules_%40cesium_engine_Source_Renderer_1d3nafh._.js:3587
[   25560ms] [WARNING] WebGL: INVALID_OPERATION: bindTexture: object does not belong to this context @ http://localhost:3001/_next/static/chunks/node_modules_%40cesium_engine_Source_Renderer_1d3nafh._.js:3587
[   25560ms] [WARNING] WebGL: INVALID_OPERATION: bindTexture: object does not belong to this context @ http://localhost:3001/_next/static/chunks/node_modules_%40cesium_engine_Source_Renderer_1d3nafh._.js:3587
[   25560ms] [WARNING] WebGL: INVALID_OPERATION: bindTexture: object does not belong to this context @ http://localhost:3001/_next/static/chunks/node_modules_%40cesium_engine_Source_Renderer_1d3nafh._.js:3587
[   25560ms] [WARNING] WebGL: INVALID_OPERATION: bindTexture: object does not belong to this context @ http://localhost:3001/_next/static/chunks/node_modules_%40cesium_engine_Source_Renderer_1d3nafh._.js:3587
[   25560ms] [WARNING] WebGL: INVALID_OPERATION: bindTexture: object does not belong to this context @ http://localhost:3001/_next/static/chunks/node_modules_%40cesium_engine_Source_Renderer_1d3nafh._.js:3587
[   25560ms] [WARNING] WebGL: INVALID_OPERATION: bindTexture: object does not belong to this context @ http://localhost:3001/_next/static/chunks/node_modules_%40cesium_engine_Source_Renderer_1d3nafh._.js:3587
[   25560ms] [WARNING] WebGL: INVALID_OPERATION: bindTexture: object does not belong to this context @ http://localhost:3001/_next/static/chunks/node_modules_%40cesium_engine_Source_Renderer_1d3nafh._.js:3587
[   25560ms] [WARNING] WebGL: INVALID_OPERATION: bindTexture: object does not belong to this context @ http://localhost:3001/_next/static/chunks/node_modules_%40cesium_engine_Source_Renderer_1d3nafh._.js:3587
[   25560ms] [WARNING] WebGL: INVALID_OPERATION: bindTexture: object does not belong to this context @ http://localhost:3001/_next/static/chunks/node_modules_%40cesium_engine_Source_Renderer_1d3nafh._.js:3587
[   25560ms] [WARNING] WebGL: INVALID_OPERATION: bindTexture: object does not belong to this context @ http://localhost:3001/_next/static/chunks/node_modules_%40cesium_engine_Source_Renderer_1d3nafh._.js:3587
[   25561ms] [WARNING] WebGL: INVALID_OPERATION: bindTexture: object does not belong to this context @ http://localhost:3001/_next/static/chunks/node_modules_%40cesium_engine_Source_Renderer_1d3nafh._.js:3587
[   25561ms] [WARNING] WebGL: INVALID_OPERATION: bindTexture: object does not belong to this context @ http://localhost:3001/_next/static/chunks/node_modules_%40cesium_engine_Source_Renderer_1d3nafh._.js:3587
[   25561ms] [WARNING] WebGL: INVALID_OPERATION: bindTexture: object does not belong to this context @ http://localhost:3001/_next/static/chunks/node_modules_%40cesium_engine_Source_Renderer_1d3nafh._.js:3587
[   25566ms] [WARNING] WebGL: INVALID_OPERATION: bindTexture: object does not belong to this context @ http://localhost:3001/_next/static/chunks/node_modules_%40cesium_engine_Source_Renderer_1d3nafh._.js:3587
[   25566ms] [WARNING] WebGL: INVALID_OPERATION: bindTexture: object does not belong to this context @ http://localhost:3001/_next/static/chunks/node_modules_%40cesium_engine_Source_Renderer_1d3nafh._.js:3587
[   25566ms] [WARNING] WebGL: INVALID_OPERATION: bindTexture: object does not belong to this context @ http://localhost:3001/_next/static/chunks/node_modules_%40cesium_engine_Source_Renderer_1d3nafh._.js:3587
[   25566ms] [WARNING] WebGL: INVALID_OPERATION: bindTexture: object does not belong to this context @ http://localhost:3001/_next/static/chunks/node_modules_%40cesium_engine_Source_Renderer_1d3nafh._.js:3587
[   25566ms] [WARNING] WebGL: INVALID_OPERATION: bindTexture: object does not belong to this context @ http://localhost:3001/_next/static/chunks/node_modules_%40cesium_engine_Source_Renderer_1d3nafh._.js:3587
[   25567ms] [WARNING] WebGL: INVALID_OPERATION: bindTexture: object does not belong to this context @ http://localhost:3001/_next/static/chunks/node_modules_%40cesium_engine_Source_Renderer_1d3nafh._.js:3587
[   25567ms] [WARNING] WebGL: INVALID_OPERATION: bindTexture: object does not belong to this context @ http://localhost:3001/_next/static/chunks/node_modules_%40cesium_engine_Source_Renderer_1d3nafh._.js:3587
[   25567ms] [WARNING] WebGL: INVALID_OPERATION: bindTexture: object does not belong to this context @ http://localhost:3001/_next/static/chunks/node_modules_%40cesium_engine_Source_Renderer_1d3nafh._.js:3587
[   25567ms] [WARNING] WebGL: INVALID_OPERATION: bindTexture: object does not belong to this context @ http://localhost:3001/_next/static/chunks/node_modules_%40cesium_engine_Source_Renderer_1d3nafh._.js:3587
[   25567ms] [WARNING] WebGL: INVALID_OPERATION: bindTexture: object does not belong to this context @ http://localhost:3001/_next/static/chunks/node_modules_%40cesium_engine_Source_Renderer_1d3nafh._.js:3587
[   25567ms] [WARNING] WebGL: INVALID_OPERATION: bindTexture: object does not belong to this context @ http://localhost:3001/_next/static/chunks/node_modules_%40cesium_engine_Source_Renderer_1d3nafh._.js:3587
[   25567ms] [WARNING] WebGL: INVALID_OPERATION: bindTexture: object does not belong to this context @ http://localhost:3001/_next/static/chunks/node_modules_%40cesium_engine_Source_Renderer_1d3nafh._.js:3587
[   25593ms] [WARNING] WebGL: INVALID_OPERATION: bindTexture: object does not belong to this context @ http://localhost:3001/_next/static/chunks/node_modules_%40cesium_engine_Source_Renderer_1d3nafh._.js:3587
[   25593ms] [WARNING] WebGL: INVALID_OPERATION: bindTexture: object does not belong to this context @ http://localhost:3001/_next/static/chunks/node_modules_%40cesium_engine_Source_Renderer_1d3nafh._.js:3587
[   25593ms] [WARNING] WebGL: INVALID_OPERATION: bindTexture: object does not belong to this context @ http://localhost:3001/_next/static/chunks/node_modules_%40cesium_engine_Source_Renderer_1d3nafh._.js:3587
[   25593ms] [WARNING] WebGL: INVALID_OPERATION: bindTexture: object does not belong to this context @ http://localhost:3001/_next/static/chunks/node_modules_%40cesium_engine_Source_Renderer_1d3nafh._.js:3587
[   25593ms] [WARNING] WebGL: INVALID_OPERATION: bindTexture: object does not belong to this context @ http://localhost:3001/_next/static/chunks/node_modules_%40cesium_engine_Source_Renderer_1d3nafh._.js:3587
[   25593ms] [WARNING] WebGL: INVALID_OPERATION: bindTexture: object does not belong to this context @ http://localhost:3001/_next/static/chunks/node_modules_%40cesium_engine_Source_Renderer_1d3nafh._.js:3587
[   25593ms] [WARNING] WebGL: INVALID_OPERATION: bindTexture: object does not belong to this context @ http://localhost:3001/_next/static/chunks/node_modules_%40cesium_engine_Source_Renderer_1d3nafh._.js:3587
[   25594ms] [WARNING] WebGL: INVALID_OPERATION: bindTexture: object does not belong to this context @ http://localhost:3001/_next/static/chunks/node_modules_%40cesium_engine_Source_Renderer_1d3nafh._.js:3587
[   25594ms] [WARNING] WebGL: INVALID_OPERATION: bindTexture: object does not belong to this context @ http://localhost:3001/_next/static/chunks/node_modules_%40cesium_engine_Source_Renderer_1d3nafh._.js:3587
[   25594ms] [WARNING] WebGL: INVALID_OPERATION: bindTexture: object does not belong to this context @ http://localhost:3001/_next/static/chunks/node_modules_%40cesium_engine_Source_Renderer_1d3nafh._.js:3587
[   25594ms] [WARNING] WebGL: INVALID_OPERATION: bindTexture: object does not belong to this context @ http://localhost:3001/_next/static/chunks/node_modules_%40cesium_engine_Source_Renderer_1d3nafh._.js:3587
[   25594ms] [WARNING] WebGL: INVALID_OPERATION: bindTexture: object does not belong to this context @ http://localhost:3001/_next/static/chunks/node_modules_%40cesium_engine_Source_Renderer_1d3nafh._.js:3587
[   25594ms] [WARNING] WebGL: INVALID_OPERATION: bindTexture: object does not belong to this context @ http://localhost:3001/_next/static/chunks/node_modules_%40cesium_engine_Source_Renderer_1d3nafh._.js:3587
[   25594ms] [WARNING] WebGL: INVALID_OPERATION: bindTexture: object does not belong to this context @ http://localhost:3001/_next/static/chunks/node_modules_%40cesium_engine_Source_Renderer_1d3nafh._.js:3587
[   25594ms] [WARNING] WebGL: INVALID_OPERATION: bindTexture: object does not belong to this context @ http://localhost:3001/_next/static/chunks/node_modules_%40cesium_engine_Source_Renderer_1d3nafh._.js:3587
[   25594ms] [WARNING] WebGL: INVALID_OPERATION: bindTexture: object does not belong to this context @ http://localhost:3001/_next/static/chunks/node_modules_%40cesium_engine_Source_Renderer_1d3nafh._.js:3587
[   25594ms] [WARNING] WebGL: INVALID_OPERATION: bindTexture: object does not belong to this context @ http://localhost:3001/_next/static/chunks/node_modules_%40cesium_engine_Source_Renderer_1d3nafh._.js:3587
[   25594ms] [WARNING] WebGL: INVALID_OPERATION: bindTexture: object does not belong to this context @ http://localhost:3001/_next/static/chunks/node_modules_%40cesium_engine_Source_Renderer_1d3nafh._.js:3587
[   25594ms] [WARNING] WebGL: INVALID_OPERATION: bindTexture: object does not belong to this context @ http://localhost:3001/_next/static/chunks/node_modules_%40cesium_engine_Source_Renderer_1d3nafh._.js:3587
[   25594ms] [WARNING] WebGL: INVALID_OPERATION: bindTexture: object does not belong to this context @ http://localhost:3001/_next/static/chunks/node_modules_%40cesium_engine_Source_Renderer_1d3nafh._.js:3587
[   25594ms] [WARNING] WebGL: INVALID_OPERATION: bindTexture: object does not belong to this context @ http://localhost:3001/_next/static/chunks/node_modules_%40cesium_engine_Source_Renderer_1d3nafh._.js:3587
[   25594ms] [WARNING] WebGL: INVALID_OPERATION: bindTexture: object does not belong to this context @ http://localhost:3001/_next/static/chunks/node_modules_%40cesium_engine_Source_Renderer_1d3nafh._.js:3587
[   25594ms] [WARNING] WebGL: INVALID_OPERATION: bindTexture: object does not belong to this context @ http://localhost:3001/_next/static/chunks/node_modules_%40cesium_engine_Source_Renderer_1d3nafh._.js:3587
[   25594ms] [WARNING] WebGL: INVALID_OPERATION: bindTexture: object does not belong to this context @ http://localhost:3001/_next/static/chunks/node_modules_%40cesium_engine_Source_Renderer_1d3nafh._.js:3587
[   25594ms] [WARNING] WebGL: INVALID_OPERATION: bindTexture: object does not belong to this context @ http://localhost:3001/_next/static/chunks/node_modules_%40cesium_engine_Source_Renderer_1d3nafh._.js:3587
[   25594ms] [WARNING] WebGL: INVALID_OPERATION: bindTexture: object does not belong to this context @ http://localhost:3001/_next/static/chunks/node_modules_%40cesium_engine_Source_Renderer_1d3nafh._.js:3587
[   25594ms] [WARNING] WebGL: INVALID_OPERATION: bindTexture: object does not belong to this context @ http://localhost:3001/_next/static/chunks/node_modules_%40cesium_engine_Source_Renderer_1d3nafh._.js:3587
[   25594ms] [WARNING] WebGL: INVALID_OPERATION: bindTexture: object does not belong to this context @ http://localhost:3001/_next/static/chunks/node_modules_%40cesium_engine_Source_Renderer_1d3nafh._.js:3587
[   25594ms] [WARNING] WebGL: INVALID_OPERATION: bindTexture: object does not belong to this context @ http://localhost:3001/_next/static/chunks/node_modules_%40cesium_engine_Source_Renderer_1d3nafh._.js:3587
[   25594ms] [WARNING] WebGL: INVALID_OPERATION: bindTexture: object does not belong to this context @ http://localhost:3001/_next/static/chunks/node_modules_%40cesium_engine_Source_Renderer_1d3nafh._.js:3587
[   25610ms] [WARNING] WebGL: INVALID_OPERATION: bindTexture: object does not belong to this context @ http://localhost:3001/_next/static/chunks/node_modules_%40cesium_engine_Source_Renderer_1d3nafh._.js:3587
[   25610ms] [WARNING] WebGL: INVALID_OPERATION: bindTexture: object does not belong to this context @ http://localhost:3001/_next/static/chunks/node_modules_%40cesium_engine_Source_Renderer_1d3nafh._.js:3587
[   25610ms] [WARNING] WebGL: INVALID_OPERATION: bindTexture: object does not belong to this context @ http://localhost:3001/_next/static/chunks/node_modules_%40cesium_engine_Source_Renderer_1d3nafh._.js:3587
[   25610ms] [WARNING] WebGL: INVALID_OPERATION: bindTexture: object does not belong to this context @ http://localhost:3001/_next/static/chunks/node_modules_%40cesium_engine_Source_Renderer_1d3nafh._.js:3587
[   25610ms] [WARNING] WebGL: INVALID_OPERATION: bindTexture: object does not belong to this context @ http://localhost:3001/_next/static/chunks/node_modules_%40cesium_engine_Source_Renderer_1d3nafh._.js:3587
[   25610ms] [WARNING] WebGL: INVALID_OPERATION: bindTexture: object does not belong to this context @ http://localhost:3001/_next/static/chunks/node_modules_%40cesium_engine_Source_Renderer_1d3nafh._.js:3587
[   25610ms] [WARNING] WebGL: INVALID_OPERATION: bindTexture: object does not belong to this context @ http://localhost:3001/_next/static/chunks/node_modules_%40cesium_engine_Source_Renderer_1d3nafh._.js:3587
[   25610ms] [WARNING] WebGL: INVALID_OPERATION: bindTexture: object does not belong to this context @ http://localhost:3001/_next/static/chunks/node_modules_%40cesium_engine_Source_Renderer_1d3nafh._.js:3587
[   25610ms] [WARNING] WebGL: INVALID_OPERATION: bindTexture: object does not belong to this context @ http://localhost:3001/_next/static/chunks/node_modules_%40cesium_engine_Source_Renderer_1d3nafh._.js:3587
[   25610ms] [WARNING] WebGL: INVALID_OPERATION: bindTexture: object does not belong to this context @ http://localhost:3001/_next/static/chunks/node_modules_%40cesium_engine_Source_Renderer_1d3nafh._.js:3587
[   25610ms] [WARNING] WebGL: INVALID_OPERATION: bindTexture: object does not belong to this context @ http://localhost:3001/_next/static/chunks/node_modules_%40cesium_engine_Source_Renderer_1d3nafh._.js:3587
[   25610ms] [WARNING] WebGL: INVALID_OPERATION: bindTexture: object does not belong to this context @ http://localhost:3001/_next/static/chunks/node_modules_%40cesium_engine_Source_Renderer_1d3nafh._.js:3587
[   25610ms] [WARNING] WebGL: INVALID_OPERATION: bindTexture: object does not belong to this context @ http://localhost:3001/_next/static/chunks/node_modules_%40cesium_engine_Source_Renderer_1d3nafh._.js:3587
[   25611ms] [WARNING] WebGL: INVALID_OPERATION: bindTexture: object does not belong to this context @ http://localhost:3001/_next/static/chunks/node_modules_%40cesium_engine_Source_Renderer_1d3nafh._.js:3587
[   25611ms] [WARNING] WebGL: INVALID_OPERATION: bindTexture: object does not belong to this context @ http://localhost:3001/_next/static/chunks/node_modules_%40cesium_engine_Source_Renderer_1d3nafh._.js:3587
[   25611ms] [WARNING] WebGL: INVALID_OPERATION: bindTexture: object does not belong to this context @ http://localhost:3001/_next/static/chunks/node_modules_%40cesium_engine_Source_Renderer_1d3nafh._.js:3587
[   25611ms] [WARNING] WebGL: INVALID_OPERATION: bindTexture: object does not belong to this context @ http://localhost:3001/_next/static/chunks/node_modules_%40cesium_engine_Source_Renderer_1d3nafh._.js:3587
[   25611ms] [WARNING] WebGL: INVALID_OPERATION: bindTexture: object does not belong to this context @ http://localhost:3001/_next/static/chunks/node_modules_%40cesium_engine_Source_Renderer_1d3nafh._.js:3587
[   25611ms] [WARNING] WebGL: INVALID_OPERATION: bindTexture: object does not belong to this context @ http://localhost:3001/_next/static/chunks/node_modules_%40cesium_engine_Source_Renderer_1d3nafh._.js:3587
[   25611ms] [WARNING] WebGL: INVALID_OPERATION: bindTexture: object does not belong to this context @ http://localhost:3001/_next/static/chunks/node_modules_%40cesium_engine_Source_Renderer_1d3nafh._.js:3587
[   25611ms] [WARNING] WebGL: INVALID_OPERATION: bindTexture: object does not belong to this context @ http://localhost:3001/_next/static/chunks/node_modules_%40cesium_engine_Source_Renderer_1d3nafh._.js:3587
[   25611ms] [WARNING] WebGL: INVALID_OPERATION: bindTexture: object does not belong to this context @ http://localhost:3001/_next/static/chunks/node_modules_%40cesium_engine_Source_Renderer_1d3nafh._.js:3587
[   25611ms] [WARNING] WebGL: INVALID_OPERATION: bindTexture: object does not belong to this context @ http://localhost:3001/_next/static/chunks/node_modules_%40cesium_engine_Source_Renderer_1d3nafh._.js:3587
[   25611ms] [WARNING] WebGL: INVALID_OPERATION: bindTexture: object does not belong to this context @ http://localhost:3001/_next/static/chunks/node_modules_%40cesium_engine_Source_Renderer_1d3nafh._.js:3587
[   25611ms] [WARNING] WebGL: INVALID_OPERATION: bindTexture: object does not belong to this context @ http://localhost:3001/_next/static/chunks/node_modules_%40cesium_engine_Source_Renderer_1d3nafh._.js:3587
[   25611ms] [WARNING] WebGL: INVALID_OPERATION: bindTexture: object does not belong to this context @ http://localhost:3001/_next/static/chunks/node_modules_%40cesium_engine_Source_Renderer_1d3nafh._.js:3587
[   25611ms] [WARNING] WebGL: INVALID_OPERATION: bindTexture: object does not belong to this context @ http://localhost:3001/_next/static/chunks/node_modules_%40cesium_engine_Source_Renderer_1d3nafh._.js:3587
[   25611ms] [WARNING] WebGL: INVALID_OPERATION: bindTexture: object does not belong to this context @ http://localhost:3001/_next/static/chunks/node_modules_%40cesium_engine_Source_Renderer_1d3nafh._.js:3587
[   25611ms] [WARNING] WebGL: INVALID_OPERATION: bindTexture: object does not belong to this context @ http://localhost:3001/_next/static/chunks/node_modules_%40cesium_engine_Source_Renderer_1d3nafh._.js:3587
[   25611ms] [WARNING] WebGL: INVALID_OPERATION: bindTexture: object does not belong to this context @ http://localhost:3001/_next/static/chunks/node_modules_%40cesium_engine_Source_Renderer_1d3nafh._.js:3587
[   25630ms] [WARNING] WebGL: INVALID_OPERATION: bindTexture: object does not belong to this context @ http://localhost:3001/_next/static/chunks/node_modules_%40cesium_engine_Source_Renderer_1d3nafh._.js:3587
[   25631ms] [WARNING] WebGL: INVALID_OPERATION: bindTexture: object does not belong to this context @ http://localhost:3001/_next/static/chunks/node_modules_%40cesium_engine_Source_Renderer_1d3nafh._.js:3587
[   25631ms] [WARNING] WebGL: INVALID_OPERATION: bindTexture: object does not belong to this context @ http://localhost:3001/_next/static/chunks/node_modules_%40cesium_engine_Source_Renderer_1d3nafh._.js:3587
[   25631ms] [WARNING] WebGL: INVALID_OPERATION: bindTexture: object does not belong to this context @ http://localhost:3001/_next/static/chunks/node_modules_%40cesium_engine_Source_Renderer_1d3nafh._.js:3587
[   25631ms] [WARNING] WebGL: INVALID_OPERATION: bindTexture: object does not belong to this context @ http://localhost:3001/_next/static/chunks/node_modules_%40cesium_engine_Source_Renderer_1d3nafh._.js:3587
[   25631ms] [WARNING] WebGL: INVALID_OPERATION: bindTexture: object does not belong to this context @ http://localhost:3001/_next/static/chunks/node_modules_%40cesium_engine_Source_Renderer_1d3nafh._.js:3587
[   25631ms] [WARNING] WebGL: INVALID_OPERATION: bindTexture: object does not belong to this context @ http://localhost:3001/_next/static/chunks/node_modules_%40cesium_engine_Source_Renderer_1d3nafh._.js:3587
[   25631ms] [WARNING] WebGL: INVALID_OPERATION: bindTexture: object does not belong to this context @ http://localhost:3001/_next/static/chunks/node_modules_%40cesium_engine_Source_Renderer_1d3nafh._.js:3587
[   25631ms] [WARNING] WebGL: INVALID_OPERATION: bindTexture: object does not belong to this context @ http://localhost:3001/_next/static/chunks/node_modules_%40cesium_engine_Source_Renderer_1d3nafh._.js:3587
[   25631ms] [WARNING] WebGL: INVALID_OPERATION: bindTexture: object does not belong to this context @ http://localhost:3001/_next/static/chunks/node_modules_%40cesium_engine_Source_Renderer_1d3nafh._.js:3587
[   25631ms] [WARNING] WebGL: INVALID_OPERATION: bindTexture: object does not belong to this context @ http://localhost:3001/_next/static/chunks/node_modules_%40cesium_engine_Source_Renderer_1d3nafh._.js:3587
[   25631ms] [WARNING] WebGL: INVALID_OPERATION: bindTexture: object does not belong to this context @ http://localhost:3001/_next/static/chunks/node_modules_%40cesium_engine_Source_Renderer_1d3nafh._.js:3587
[   25631ms] [WARNING] WebGL: INVALID_OPERATION: bindTexture: object does not belong to this context @ http://localhost:3001/_next/static/chunks/node_modules_%40cesium_engine_Source_Renderer_1d3nafh._.js:3587
[   25631ms] [WARNING] WebGL: INVALID_OPERATION: bindTexture: object does not belong to this context @ http://localhost:3001/_next/static/chunks/node_modules_%40cesium_engine_Source_Renderer_1d3nafh._.js:3587
[   25631ms] [WARNING] WebGL: INVALID_OPERATION: bindTexture: object does not belong to this context @ http://localhost:3001/_next/static/chunks/node_modules_%40cesium_engine_Source_Renderer_1d3nafh._.js:3587
[   25631ms] [WARNING] WebGL: INVALID_OPERATION: bindTexture: object does not belong to this context @ http://localhost:3001/_next/static/chunks/node_modules_%40cesium_engine_Source_Renderer_1d3nafh._.js:3587
[   25631ms] [WARNING] WebGL: INVALID_OPERATION: bindTexture: object does not belong to this context @ http://localhost:3001/_next/static/chunks/node_modules_%40cesium_engine_Source_Renderer_1d3nafh._.js:3587
[   25631ms] [WARNING] WebGL: INVALID_OPERATION: bindTexture: object does not belong to this context @ http://localhost:3001/_next/static/chunks/node_modules_%40cesium_engine_Source_Renderer_1d3nafh._.js:3587
[   25631ms] [WARNING] WebGL: INVALID_OPERATION: bindTexture: object does not belong to this context @ http://localhost:3001/_next/static/chunks/node_modules_%40cesium_engine_Source_Renderer_1d3nafh._.js:3587
[   25631ms] [WARNING] WebGL: INVALID_OPERATION: bindTexture: object does not belong to this context @ http://localhost:3001/_next/static/chunks/node_modules_%40cesium_engine_Source_Renderer_1d3nafh._.js:3587
[   25631ms] [WARNING] WebGL: INVALID_OPERATION: bindTexture: object does not belong to this context @ http://localhost:3001/_next/static/chunks/node_modules_%40cesium_engine_Source_Renderer_1d3nafh._.js:3587
[   25631ms] [WARNING] WebGL: INVALID_OPERATION: bindTexture: object does not belong to this context @ http://localhost:3001/_next/static/chunks/node_modules_%40cesium_engine_Source_Renderer_1d3nafh._.js:3587
[   25631ms] [WARNING] WebGL: INVALID_OPERATION: bindTexture: object does not belong to this context @ http://localhost:3001/_next/static/chunks/node_modules_%40cesium_engine_Source_Renderer_1d3nafh._.js:3587
[   25631ms] [WARNING] WebGL: INVALID_OPERATION: bindTexture: object does not belong to this context @ http://localhost:3001/_next/static/chunks/node_modules_%40cesium_engine_Source_Renderer_1d3nafh._.js:3587
[   25632ms] [WARNING] WebGL: INVALID_OPERATION: bindTexture: object does not belong to this context @ http://localhost:3001/_next/static/chunks/node_modules_%40cesium_engine_Source_Renderer_1d3nafh._.js:3587
[   25632ms] [WARNING] WebGL: INVALID_OPERATION: bindTexture: object does not belong to this context @ http://localhost:3001/_next/static/chunks/node_modules_%40cesium_engine_Source_Renderer_1d3nafh._.js:3587
[   25632ms] [WARNING] WebGL: INVALID_OPERATION: bindTexture: object does not belong to this context @ http://localhost:3001/_next/static/chunks/node_modules_%40cesium_engine_Source_Renderer_1d3nafh._.js:3587
[   25632ms] [WARNING] WebGL: INVALID_OPERATION: bindTexture: object does not belong to this context @ http://localhost:3001/_next/static/chunks/node_modules_%40cesium_engine_Source_Renderer_1d3nafh._.js:3587
[   25632ms] [WARNING] WebGL: INVALID_OPERATION: bindTexture: object does not belong to this context @ http://localhost:3001/_next/static/chunks/node_modules_%40cesium_engine_Source_Renderer_1d3nafh._.js:3587
[   25632ms] [WARNING] WebGL: INVALID_OPERATION: bindTexture: object does not belong to this context @ http://localhost:3001/_next/static/chunks/node_modules_%40cesium_engine_Source_Renderer_1d3nafh._.js:3587
[   25645ms] [WARNING] WebGL: INVALID_OPERATION: bindTexture: object does not belong to this context @ http://localhost:3001/_next/static/chunks/node_modules_%40cesium_engine_Source_Renderer_1d3nafh._.js:3587
[   25645ms] [WARNING] WebGL: INVALID_OPERATION: bindTexture: object does not belong to this context @ http://localhost:3001/_next/static/chunks/node_modules_%40cesium_engine_Source_Renderer_1d3nafh._.js:3587
[   25645ms] [WARNING] WebGL: INVALID_OPERATION: bindTexture: object does not belong to this context @ http://localhost:3001/_next/static/chunks/node_modules_%40cesium_engine_Source_Renderer_1d3nafh._.js:3587
[   25645ms] [WARNING] WebGL: INVALID_OPERATION: bindTexture: object does not belong to this context @ http://localhost:3001/_next/static/chunks/node_modules_%40cesium_engine_Source_Renderer_1d3nafh._.js:3587
[   25646ms] [WARNING] WebGL: INVALID_OPERATION: bindTexture: object does not belong to this context @ http://localhost:3001/_next/static/chunks/node_modules_%40cesium_engine_Source_Renderer_1d3nafh._.js:3587
[   25646ms] [WARNING] WebGL: INVALID_OPERATION: bindTexture: object does not belong to this context @ http://localhost:3001/_next/static/chunks/node_modules_%40cesium_engine_Source_Renderer_1d3nafh._.js:3587
[   25646ms] [WARNING] WebGL: INVALID_OPERATION: bindTexture: object does not belong to this context @ http://localhost:3001/_next/static/chunks/node_modules_%40cesium_engine_Source_Renderer_1d3nafh._.js:3587
[   25646ms] [WARNING] WebGL: INVALID_OPERATION: bindTexture: object does not belong to this context @ http://localhost:3001/_next/static/chunks/node_modules_%40cesium_engine_Source_Renderer_1d3nafh._.js:3587
[   25646ms] [WARNING] WebGL: INVALID_OPERATION: bindTexture: object does not belong to this context @ http://localhost:3001/_next/static/chunks/node_modules_%40cesium_engine_Source_Renderer_1d3nafh._.js:3587
[   25646ms] [WARNING] WebGL: INVALID_OPERATION: bindTexture: object does not belong to this context @ http://localhost:3001/_next/static/chunks/node_modules_%40cesium_engine_Source_Renderer_1d3nafh._.js:3587
[   25646ms] [WARNING] WebGL: INVALID_OPERATION: bindTexture: object does not belong to this context @ http://localhost:3001/_next/static/chunks/node_modules_%40cesium_engine_Source_Renderer_1d3nafh._.js:3587
[   25646ms] [WARNING] WebGL: INVALID_OPERATION: bindTexture: object does not belong to this context @ http://localhost:3001/_next/static/chunks/node_modules_%40cesium_engine_Source_Renderer_1d3nafh._.js:3587
[   25646ms] [WARNING] WebGL: INVALID_OPERATION: bindTexture: object does not belong to this context @ http://localhost:3001/_next/static/chunks/node_modules_%40cesium_engine_Source_Renderer_1d3nafh._.js:3587
[   25646ms] [WARNING] WebGL: INVALID_OPERATION: bindTexture: object does not belong to this context @ http://localhost:3001/_next/static/chunks/node_modules_%40cesium_engine_Source_Renderer_1d3nafh._.js:3587
[   25646ms] [WARNING] WebGL: INVALID_OPERATION: bindTexture: object does not belong to this context @ http://localhost:3001/_next/static/chunks/node_modules_%40cesium_engine_Source_Renderer_1d3nafh._.js:3587
[   25646ms] [WARNING] WebGL: INVALID_OPERATION: bindTexture: object does not belong to this context @ http://localhost:3001/_next/static/chunks/node_modules_%40cesium_engine_Source_Renderer_1d3nafh._.js:3587
[   25646ms] [WARNING] WebGL: INVALID_OPERATION: bindTexture: object does not belong to this context @ http://localhost:3001/_next/static/chunks/node_modules_%40cesium_engine_Source_Renderer_1d3nafh._.js:3587
[   25646ms] [WARNING] WebGL: INVALID_OPERATION: bindTexture: object does not belong to this context @ http://localhost:3001/_next/static/chunks/node_modules_%40cesium_engine_Source_Renderer_1d3nafh._.js:3587
[   25646ms] [WARNING] WebGL: INVALID_OPERATION: bindTexture: object does not belong to this context @ http://localhost:3001/_next/static/chunks/node_modules_%40cesium_engine_Source_Renderer_1d3nafh._.js:3587
[   25646ms] [WARNING] WebGL: INVALID_OPERATION: bindTexture: object does not belong to this context @ http://localhost:3001/_next/static/chunks/node_modules_%40cesium_engine_Source_Renderer_1d3nafh._.js:3587
[   25646ms] [WARNING] WebGL: INVALID_OPERATION: bindTexture: object does not belong to this context @ http://localhost:3001/_next/static/chunks/node_modules_%40cesium_engine_Source_Renderer_1d3nafh._.js:3587
[   25646ms] [WARNING] WebGL: INVALID_OPERATION: bindTexture: object does not belong to this context @ http://localhost:3001/_next/static/chunks/node_modules_%40cesium_engine_Source_Renderer_1d3nafh._.js:3587
[   25646ms] [WARNING] WebGL: INVALID_OPERATION: bindTexture: object does not belong to this context @ http://localhost:3001/_next/static/chunks/node_modules_%40cesium_engine_Source_Renderer_1d3nafh._.js:3587
[   25646ms] [WARNING] WebGL: INVALID_OPERATION: bindTexture: object does not belong to this context @ http://localhost:3001/_next/static/chunks/node_modules_%40cesium_engine_Source_Renderer_1d3nafh._.js:3587
[   25646ms] [WARNING] WebGL: INVALID_OPERATION: bindTexture: object does not belong to this context @ http://localhost:3001/_next/static/chunks/node_modules_%40cesium_engine_Source_Renderer_1d3nafh._.js:3587
[   25646ms] [WARNING] WebGL: INVALID_OPERATION: bindTexture: object does not belong to this context @ http://localhost:3001/_next/static/chunks/node_modules_%40cesium_engine_Source_Renderer_1d3nafh._.js:3587
[   25646ms] [WARNING] WebGL: INVALID_OPERATION: bindTexture: object does not belong to this context @ http://localhost:3001/_next/static/chunks/node_modules_%40cesium_engine_Source_Renderer_1d3nafh._.js:3587
[   25647ms] [WARNING] WebGL: INVALID_OPERATION: bindTexture: object does not belong to this context @ http://localhost:3001/_next/static/chunks/node_modules_%40cesium_engine_Source_Renderer_1d3nafh._.js:3587
[   25647ms] [WARNING] WebGL: INVALID_OPERATION: bindTexture: object does not belong to this context @ http://localhost:3001/_next/static/chunks/node_modules_%40cesium_engine_Source_Renderer_1d3nafh._.js:3587
[   25647ms] [WARNING] WebGL: INVALID_OPERATION: bindTexture: object does not belong to this context @ http://localhost:3001/_next/static/chunks/node_modules_%40cesium_engine_Source_Renderer_1d3nafh._.js:3587
[   25667ms] [WARNING] WebGL: INVALID_OPERATION: bindTexture: object does not belong to this context @ http://localhost:3001/_next/static/chunks/node_modules_%40cesium_engine_Source_Renderer_1d3nafh._.js:3587
[   25667ms] [WARNING] WebGL: INVALID_OPERATION: bindTexture: object does not belong to this context @ http://localhost:3001/_next/static/chunks/node_modules_%40cesium_engine_Source_Renderer_1d3nafh._.js:3587
[   25667ms] [WARNING] WebGL: INVALID_OPERATION: bindTexture: object does not belong to this context @ http://localhost:3001/_next/static/chunks/node_modules_%40cesium_engine_Source_Renderer_1d3nafh._.js:3587
[   25667ms] [WARNING] WebGL: INVALID_OPERATION: bindTexture: object does not belong to this context @ http://localhost:3001/_next/static/chunks/node_modules_%40cesium_engine_Source_Renderer_1d3nafh._.js:3587
[   25667ms] [WARNING] WebGL: INVALID_OPERATION: bindTexture: object does not belong to this context @ http://localhost:3001/_next/static/chunks/node_modules_%40cesium_engine_Source_Renderer_1d3nafh._.js:3587
[   25667ms] [WARNING] WebGL: INVALID_OPERATION: bindTexture: object does not belong to this context @ http://localhost:3001/_next/static/chunks/node_modules_%40cesium_engine_Source_Renderer_1d3nafh._.js:3587
[   25667ms] [WARNING] WebGL: INVALID_OPERATION: bindTexture: object does not belong to this context @ http://localhost:3001/_next/static/chunks/node_modules_%40cesium_engine_Source_Renderer_1d3nafh._.js:3587
[   25667ms] [WARNING] WebGL: INVALID_OPERATION: bindTexture: object does not belong to this context @ http://localhost:3001/_next/static/chunks/node_modules_%40cesium_engine_Source_Renderer_1d3nafh._.js:3587
[   25668ms] [WARNING] WebGL: INVALID_OPERATION: bindTexture: object does not belong to this context @ http://localhost:3001/_next/static/chunks/node_modules_%40cesium_engine_Source_Renderer_1d3nafh._.js:3587
[   25668ms] [WARNING] WebGL: INVALID_OPERATION: bindTexture: object does not belong to this context @ http://localhost:3001/_next/static/chunks/node_modules_%40cesium_engine_Source_Renderer_1d3nafh._.js:3587
[   25668ms] [WARNING] WebGL: INVALID_OPERATION: bindTexture: object does not belong to this context @ http://localhost:3001/_next/static/chunks/node_modules_%40cesium_engine_Source_Renderer_1d3nafh._.js:3587
[   25668ms] [WARNING] WebGL: INVALID_OPERATION: bindTexture: object does not belong to this context @ http://localhost:3001/_next/static/chunks/node_modules_%40cesium_engine_Source_Renderer_1d3nafh._.js:3587
[   25668ms] [WARNING] WebGL: INVALID_OPERATION: bindTexture: object does not belong to this context @ http://localhost:3001/_next/static/chunks/node_modules_%40cesium_engine_Source_Renderer_1d3nafh._.js:3587
[   25668ms] [WARNING] WebGL: INVALID_OPERATION: bindTexture: object does not belong to this context @ http://localhost:3001/_next/static/chunks/node_modules_%40cesium_engine_Source_Renderer_1d3nafh._.js:3587
[   25668ms] [WARNING] WebGL: INVALID_OPERATION: bindTexture: object does not belong to this context @ http://localhost:3001/_next/static/chunks/node_modules_%40cesium_engine_Source_Renderer_1d3nafh._.js:3587
[   25668ms] [WARNING] WebGL: INVALID_OPERATION: bindTexture: object does not belong to this context @ http://localhost:3001/_next/static/chunks/node_modules_%40cesium_engine_Source_Renderer_1d3nafh._.js:3587
[   25668ms] [WARNING] WebGL: INVALID_OPERATION: bindTexture: object does not belong to this context @ http://localhost:3001/_next/static/chunks/node_modules_%40cesium_engine_Source_Renderer_1d3nafh._.js:3587
[   25669ms] [WARNING] WebGL: INVALID_OPERATION: bindTexture: object does not belong to this context @ http://localhost:3001/_next/static/chunks/node_modules_%40cesium_engine_Source_Renderer_1d3nafh._.js:3587
[   25669ms] [WARNING] WebGL: INVALID_OPERATION: bindTexture: object does not belong to this context @ http://localhost:3001/_next/static/chunks/node_modules_%40cesium_engine_Source_Renderer_1d3nafh._.js:3587
[   25669ms] [WARNING] WebGL: INVALID_OPERATION: bindTexture: object does not belong to this context @ http://localhost:3001/_next/static/chunks/node_modules_%40cesium_engine_Source_Renderer_1d3nafh._.js:3587
[   25669ms] [WARNING] WebGL: INVALID_OPERATION: bindTexture: object does not belong to this context @ http://localhost:3001/_next/static/chunks/node_modules_%40cesium_engine_Source_Renderer_1d3nafh._.js:3587
[   25669ms] [WARNING] WebGL: INVALID_OPERATION: bindTexture: object does not belong to this context @ http://localhost:3001/_next/static/chunks/node_modules_%40cesium_engine_Source_Renderer_1d3nafh._.js:3587
[   25669ms] [WARNING] WebGL: INVALID_OPERATION: bindTexture: object does not belong to this context @ http://localhost:3001/_next/static/chunks/node_modules_%40cesium_engine_Source_Renderer_1d3nafh._.js:3587
[   25670ms] [WARNING] WebGL: INVALID_OPERATION: bindTexture: object does not belong to this context @ http://localhost:3001/_next/static/chunks/node_modules_%40cesium_engine_Source_Renderer_1d3nafh._.js:3587
[   25670ms] [WARNING] WebGL: INVALID_OPERATION: bindTexture: object does not belong to this context @ http://localhost:3001/_next/static/chunks/node_modules_%40cesium_engine_Source_Renderer_1d3nafh._.js:3587
[   25670ms] [WARNING] WebGL: INVALID_OPERATION: bindTexture: object does not belong to this context @ http://localhost:3001/_next/static/chunks/node_modules_%40cesium_engine_Source_Renderer_1d3nafh._.js:3587
[   25670ms] [WARNING] WebGL: INVALID_OPERATION: bindTexture: object does not belong to this context @ http://localhost:3001/_next/static/chunks/node_modules_%40cesium_engine_Source_Renderer_1d3nafh._.js:3587
[   25671ms] [WARNING] WebGL: INVALID_OPERATION: bindTexture: object does not belong to this context @ http://localhost:3001/_next/static/chunks/node_modules_%40cesium_engine_Source_Renderer_1d3nafh._.js:3587
[   25671ms] [WARNING] WebGL: INVALID_OPERATION: bindTexture: object does not belong to this context @ http://localhost:3001/_next/static/chunks/node_modules_%40cesium_engine_Source_Renderer_1d3nafh._.js:3587
[   25671ms] [WARNING] WebGL: INVALID_OPERATION: bindTexture: object does not belong to this context @ http://localhost:3001/_next/static/chunks/node_modules_%40cesium_engine_Source_Renderer_1d3nafh._.js:3587
[   25683ms] [WARNING] WebGL: INVALID_OPERATION: bindTexture: object does not belong to this context @ http://localhost:3001/_next/static/chunks/node_modules_%40cesium_engine_Source_Renderer_1d3nafh._.js:3587
[   25684ms] [WARNING] WebGL: INVALID_OPERATION: bindTexture: object does not belong to this context @ http://localhost:3001/_next/static/chunks/node_modules_%40cesium_engine_Source_Renderer_1d3nafh._.js:3587
[   25684ms] [WARNING] WebGL: INVALID_OPERATION: bindTexture: object does not belong to this context @ http://localhost:3001/_next/static/chunks/node_modules_%40cesium_engine_Source_Renderer_1d3nafh._.js:3587
[   25684ms] [WARNING] WebGL: INVALID_OPERATION: bindTexture: object does not belong to this context @ http://localhost:3001/_next/static/chunks/node_modules_%40cesium_engine_Source_Renderer_1d3nafh._.js:3587
[   25684ms] [WARNING] WebGL: INVALID_OPERATION: bindTexture: object does not belong to this context @ http://localhost:3001/_next/static/chunks/node_modules_%40cesium_engine_Source_Renderer_1d3nafh._.js:3587
[   25684ms] [WARNING] WebGL: INVALID_OPERATION: bindTexture: object does not belong to this context @ http://localhost:3001/_next/static/chunks/node_modules_%40cesium_engine_Source_Renderer_1d3nafh._.js:3587
[   25684ms] [WARNING] WebGL: INVALID_OPERATION: bindTexture: object does not belong to this context @ http://localhost:3001/_next/static/chunks/node_modules_%40cesium_engine_Source_Renderer_1d3nafh._.js:3587
[   25684ms] [WARNING] WebGL: INVALID_OPERATION: bindTexture: object does not belong to this context @ http://localhost:3001/_next/static/chunks/node_modules_%40cesium_engine_Source_Renderer_1d3nafh._.js:3587
[   25684ms] [WARNING] WebGL: INVALID_OPERATION: bindTexture: object does not belong to this context @ http://localhost:3001/_next/static/chunks/node_modules_%40cesium_engine_Source_Renderer_1d3nafh._.js:3587
[   25684ms] [WARNING] WebGL: INVALID_OPERATION: bindTexture: object does not belong to this context @ http://localhost:3001/_next/static/chunks/node_modules_%40cesium_engine_Source_Renderer_1d3nafh._.js:3587
[   25684ms] [WARNING] WebGL: INVALID_OPERATION: bindTexture: object does not belong to this context @ http://localhost:3001/_next/static/chunks/node_modules_%40cesium_engine_Source_Renderer_1d3nafh._.js:3587
[   25684ms] [WARNING] WebGL: INVALID_OPERATION: bindTexture: object does not belong to this context @ http://localhost:3001/_next/static/chunks/node_modules_%40cesium_engine_Source_Renderer_1d3nafh._.js:3587
[   25684ms] [WARNING] WebGL: INVALID_OPERATION: bindTexture: object does not belong to this context @ http://localhost:3001/_next/static/chunks/node_modules_%40cesium_engine_Source_Renderer_1d3nafh._.js:3587
[   25684ms] [WARNING] WebGL: INVALID_OPERATION: bindTexture: object does not belong to this context @ http://localhost:3001/_next/static/chunks/node_modules_%40cesium_engine_Source_Renderer_1d3nafh._.js:3587
[   25684ms] [WARNING] WebGL: INVALID_OPERATION: bindTexture: object does not belong to this context @ http://localhost:3001/_next/static/chunks/node_modules_%40cesium_engine_Source_Renderer_1d3nafh._.js:3587
[   25685ms] [WARNING] WebGL: INVALID_OPERATION: bindTexture: object does not belong to this context @ http://localhost:3001/_next/static/chunks/node_modules_%40cesium_engine_Source_Renderer_1d3nafh._.js:3587
[   25685ms] [WARNING] WebGL: INVALID_OPERATION: bindTexture: object does not belong to this context @ http://localhost:3001/_next/static/chunks/node_modules_%40cesium_engine_Source_Renderer_1d3nafh._.js:3587
[   25685ms] [WARNING] WebGL: INVALID_OPERATION: bindTexture: object does not belong to this context @ http://localhost:3001/_next/static/chunks/node_modules_%40cesium_engine_Source_Renderer_1d3nafh._.js:3587
[   25685ms] [WARNING] WebGL: INVALID_OPERATION: bindTexture: object does not belong to this context @ http://localhost:3001/_next/static/chunks/node_modules_%40cesium_engine_Source_Renderer_1d3nafh._.js:3587
[   25685ms] [WARNING] WebGL: INVALID_OPERATION: bindTexture: object does not belong to this context @ http://localhost:3001/_next/static/chunks/node_modules_%40cesium_engine_Source_Renderer_1d3nafh._.js:3587
[   25686ms] [WARNING] WebGL: INVALID_OPERATION: bindTexture: object does not belong to this context @ http://localhost:3001/_next/static/chunks/node_modules_%40cesium_engine_Source_Renderer_1d3nafh._.js:3587
[   25686ms] [WARNING] WebGL: INVALID_OPERATION: bindTexture: object does not belong to this context @ http://localhost:3001/_next/static/chunks/node_modules_%40cesium_engine_Source_Renderer_1d3nafh._.js:3587
[   25686ms] [WARNING] WebGL: INVALID_OPERATION: bindTexture: object does not belong to this context @ http://localhost:3001/_next/static/chunks/node_modules_%40cesium_engine_Source_Renderer_1d3nafh._.js:3587
[   25686ms] [WARNING] WebGL: INVALID_OPERATION: bindTexture: object does not belong to this context @ http://localhost:3001/_next/static/chunks/node_modules_%40cesium_engine_Source_Renderer_1d3nafh._.js:3587
[   25686ms] [WARNING] WebGL: INVALID_OPERATION: bindTexture: object does not belong to this context @ http://localhost:3001/_next/static/chunks/node_modules_%40cesium_engine_Source_Renderer_1d3nafh._.js:3587
[   25686ms] [WARNING] WebGL: INVALID_OPERATION: bindTexture: object does not belong to this context @ http://localhost:3001/_next/static/chunks/node_modules_%40cesium_engine_Source_Renderer_1d3nafh._.js:3587
[   25687ms] [WARNING] WebGL: INVALID_OPERATION: bindTexture: object does not belong to this context @ http://localhost:3001/_next/static/chunks/node_modules_%40cesium_engine_Source_Renderer_1d3nafh._.js:3587
[   25687ms] [WARNING] WebGL: INVALID_OPERATION: bindTexture: object does not belong to this context @ http://localhost:3001/_next/static/chunks/node_modules_%40cesium_engine_Source_Renderer_1d3nafh._.js:3587
[   25687ms] [WARNING] WebGL: INVALID_OPERATION: bindTexture: object does not belong to this context @ http://localhost:3001/_next/static/chunks/node_modules_%40cesium_engine_Source_Renderer_1d3nafh._.js:3587
[   25687ms] [WARNING] WebGL: INVALID_OPERATION: bindTexture: object does not belong to this context @ http://localhost:3001/_next/static/chunks/node_modules_%40cesium_engine_Source_Renderer_1d3nafh._.js:3587
[   25714ms] [WARNING] WebGL: INVALID_OPERATION: bindTexture: object does not belong to this context @ http://localhost:3001/_next/static/chunks/node_modules_%40cesium_engine_Source_Renderer_1d3nafh._.js:3587
[   25714ms] [WARNING] WebGL: INVALID_OPERATION: bindTexture: object does not belong to this context @ http://localhost:3001/_next/static/chunks/node_modules_%40cesium_engine_Source_Renderer_1d3nafh._.js:3587
[   25714ms] [WARNING] WebGL: INVALID_OPERATION: bindTexture: object does not belong to this context @ http://localhost:3001/_next/static/chunks/node_modules_%40cesium_engine_Source_Renderer_1d3nafh._.js:3587
[   25714ms] [WARNING] WebGL: INVALID_OPERATION: bindTexture: object does not belong to this context @ http://localhost:3001/_next/static/chunks/node_modules_%40cesium_engine_Source_Renderer_1d3nafh._.js:3587
[   25715ms] [WARNING] WebGL: INVALID_OPERATION: bindTexture: object does not belong to this context @ http://localhost:3001/_next/static/chunks/node_modules_%40cesium_engine_Source_Renderer_1d3nafh._.js:3587
[   25715ms] [WARNING] WebGL: INVALID_OPERATION: bindTexture: object does not belong to this context @ http://localhost:3001/_next/static/chunks/node_modules_%40cesium_engine_Source_Renderer_1d3nafh._.js:3587
[   25715ms] [WARNING] WebGL: INVALID_OPERATION: bindTexture: object does not belong to this context @ http://localhost:3001/_next/static/chunks/node_modules_%40cesium_engine_Source_Renderer_1d3nafh._.js:3587
[   25715ms] [WARNING] WebGL: INVALID_OPERATION: bindTexture: object does not belong to this context @ http://localhost:3001/_next/static/chunks/node_modules_%40cesium_engine_Source_Renderer_1d3nafh._.js:3587
[   25716ms] [WARNING] WebGL: INVALID_OPERATION: bindTexture: object does not belong to this context @ http://localhost:3001/_next/static/chunks/node_modules_%40cesium_engine_Source_Renderer_1d3nafh._.js:3587
[   25716ms] [WARNING] WebGL: INVALID_OPERATION: bindTexture: object does not belong to this context @ http://localhost:3001/_next/static/chunks/node_modules_%40cesium_engine_Source_Renderer_1d3nafh._.js:3587
[   25716ms] [WARNING] WebGL: INVALID_OPERATION: bindTexture: object does not belong to this context @ http://localhost:3001/_next/static/chunks/node_modules_%40cesium_engine_Source_Renderer_1d3nafh._.js:3587
[   25716ms] [WARNING] WebGL: INVALID_OPERATION: bindTexture: object does not belong to this context @ http://localhost:3001/_next/static/chunks/node_modules_%40cesium_engine_Source_Renderer_1d3nafh._.js:3587
[   25717ms] [WARNING] WebGL: INVALID_OPERATION: bindTexture: object does not belong to this context @ http://localhost:3001/_next/static/chunks/node_modules_%40cesium_engine_Source_Renderer_1d3nafh._.js:3587
[   25717ms] [WARNING] WebGL: INVALID_OPERATION: bindTexture: object does not belong to this context @ http://localhost:3001/_next/static/chunks/node_modules_%40cesium_engine_Source_Renderer_1d3nafh._.js:3587
[   25717ms] [WARNING] WebGL: INVALID_OPERATION: bindTexture: object does not belong to this context @ http://localhost:3001/_next/static/chunks/node_modules_%40cesium_engine_Source_Renderer_1d3nafh._.js:3587
[   25717ms] [WARNING] WebGL: INVALID_OPERATION: bindTexture: object does not belong to this context @ http://localhost:3001/_next/static/chunks/node_modules_%40cesium_engine_Source_Renderer_1d3nafh._.js:3587
[   25718ms] [WARNING] WebGL: INVALID_OPERATION: bindTexture: object does not belong to this context @ http://localhost:3001/_next/static/chunks/node_modules_%40cesium_engine_Source_Renderer_1d3nafh._.js:3587
[   25718ms] [WARNING] WebGL: INVALID_OPERATION: bindTexture: object does not belong to this context @ http://localhost:3001/_next/static/chunks/node_modules_%40cesium_engine_Source_Renderer_1d3nafh._.js:3587
[   25718ms] [WARNING] WebGL: too many errors, no more errors will be reported to the console for this context. @ http://localhost:3001/_next/static/chunks/node_modules_%40cesium_engine_Source_Renderer_1d3nafh._.js:3587
[   74492ms] [ERROR] Failed to load resource: net::ERR_EMPTY_RESPONSE @ http://localhost:3001/api/flights:0
[   75494ms] [ERROR] WebSocket connection to 'ws://localhost:3001/_next/webpack-hmr?id=HAOqPXqZInA1WCbAgjGQg' failed: Error in connection establishment: net::ERR_CONNECTION_REFUSED @ http://localhost:3001/_next/static/chunks/node_modules_next_dist_client_0r5nbpw._.js:13422
[   75494ms] [ERROR] Failed to load resource: net::ERR_CONNECTION_REFUSED @ http://localhost:3001/api/flights:0
[   76497ms] [ERROR] WebSocket connection to 'ws://localhost:3001/_next/webpack-hmr?id=HAOqPXqZInA1WCbAgjGQg' failed: Error in connection establishment: net::ERR_CONNECTION_REFUSED @ http://localhost:3001/_next/static/chunks/node_modules_next_dist_client_0r5nbpw._.js:13422
[   77497ms] [ERROR] Failed to load resource: net::ERR_CONNECTION_REFUSED @ http://localhost:3001/api/flights:0
[   77501ms] [ERROR] WebSocket connection to 'ws://localhost:3001/_next/webpack-hmr?id=HAOqPXqZInA1WCbAgjGQg' failed: Error in connection establishment: net::ERR_CONNECTION_REFUSED @ http://localhost:3001/_next/static/chunks/node_modules_next_dist_client_0r5nbpw._.js:13422
[   78504ms] [ERROR] WebSocket connection to 'ws://localhost:3001/_next/webpack-hmr?id=HAOqPXqZInA1WCbAgjGQg' failed: Error in connection establishment: net::ERR_CONNECTION_REFUSED @ http://localhost:3001/_next/static/chunks/node_modules_next_dist_client_0r5nbpw._.js:13422
[   79507ms] [ERROR] WebSocket connection to 'ws://localhost:3001/_next/webpack-hmr?id=HAOqPXqZInA1WCbAgjGQg' failed: Error in connection establishment: net::ERR_CONNECTION_REFUSED @ http://localhost:3001/_next/static/chunks/node_modules_next_dist_client_0r5nbpw._.js:13422
[   84509ms] [ERROR] WebSocket connection to 'ws://localhost:3001/_next/webpack-hmr?id=HAOqPXqZInA1WCbAgjGQg' failed: Error in connection establishment: net::ERR_CONNECTION_REFUSED @ http://localhost:3001/_next/static/chunks/node_modules_next_dist_client_0r5nbpw._.js:13422
[   85249ms] [ERROR] Failed to load resource: net::ERR_CONNECTION_REFUSED @ http://localhost:3001/api/earthquakes:0
[   86252ms] [ERROR] Failed to load resource: net::ERR_CONNECTION_REFUSED @ http://localhost:3001/api/earthquakes:0
[   88255ms] [ERROR] Failed to load resource: net::ERR_CONNECTION_REFUSED @ http://localhost:3001/api/earthquakes:0
[   89511ms] [ERROR] WebSocket connection to 'ws://localhost:3001/_next/webpack-hmr?id=HAOqPXqZInA1WCbAgjGQg' failed: Error in connection establishment: net::ERR_CONNECTION_REFUSED @ http://localhost:3001/_next/static/chunks/node_modules_next_dist_client_0r5nbpw._.js:13422
[   94514ms] [ERROR] WebSocket connection to 'ws://localhost:3001/_next/webpack-hmr?id=HAOqPXqZInA1WCbAgjGQg' failed: Error in connection establishment: net::ERR_CONNECTION_REFUSED @ http://localhost:3001/_next/static/chunks/node_modules_next_dist_client_0r5nbpw._.js:13422
[   99522ms] [ERROR] WebSocket connection to 'ws://localhost:3001/_next/webpack-hmr?id=HAOqPXqZInA1WCbAgjGQg' failed: Error in connection establishment: net::ERR_CONNECTION_REFUSED @ http://localhost:3001/_next/static/chunks/node_modules_next_dist_client_0r5nbpw._.js:13422
[  104532ms] [ERROR] WebSocket connection to 'ws://localhost:3001/_next/webpack-hmr?id=HAOqPXqZInA1WCbAgjGQg' failed: Error in connection establishment: net::ERR_CONNECTION_REFUSED @ http://localhost:3001/_next/static/chunks/node_modules_next_dist_client_0r5nbpw._.js:13422
[  109542ms] [ERROR] WebSocket connection to 'ws://localhost:3001/_next/webpack-hmr?id=HAOqPXqZInA1WCbAgjGQg' failed: Error in connection establishment: net::ERR_CONNECTION_REFUSED @ http://localhost:3001/_next/static/chunks/node_modules_next_dist_client_0r5nbpw._.js:13422
[  114548ms] [ERROR] WebSocket connection to 'ws://localhost:3001/_next/webpack-hmr?id=HAOqPXqZInA1WCbAgjGQg' failed: Error in connection establishment: net::ERR_CONNECTION_REFUSED @ http://localhost:3001/_next/static/chunks/node_modules_next_dist_client_0r5nbpw._.js:13422
